[backblue.gif]
[fade.gif]
[index.html]
[themes.3rdwavemedia.com/velocity/1.7/favicon.ico]
[themes.3rdwavemedia.com/velocity/1.7/assets/images/people/profile-s-1.png]
[themes.3rdwavemedia.com/velocity/1.7/assets/images/figures/figure-1.png]
[themes.3rdwavemedia.com/velocity/1.7/assets/images/people/profile-s-2.png]
[themes.3rdwavemedia.com/velocity/1.7/assets/images/figures/figure-2.png]
[themes.3rdwavemedia.com/velocity/1.7/assets/images/people/profile-s-3.png]
[themes.3rdwavemedia.com/velocity/1.7/assets/images/figures/figure-3.png]
[themes.3rdwavemedia.com/velocity/1.7/assets/images/people/profile-s-4.png]
[themes.3rdwavemedia.com/velocity/1.7/assets/images/figures/figure-4.png]
[themes.3rdwavemedia.com/velocity/1.7/assets/images/people/profile-m-1.png]
[themes.3rdwavemedia.com/velocity/1.7/assets/images/people/profile-m-2.png]
[themes.3rdwavemedia.com/velocity/1.7/assets/images/people/profile-m-3.png]
[themes.3rdwavemedia.com/velocity/1.7/assets/images/press/press-1.png]
[themes.3rdwavemedia.com/velocity/1.7/assets/images/press/press-2.png]
[themes.3rdwavemedia.com/velocity/1.7/assets/images/press/press-3.png]
[themes.3rdwavemedia.com/velocity/1.7/assets/images/press/press-4.png]
[themes.3rdwavemedia.com/velocity/1.7/assets/images/press/press-5.png]
[themes.3rdwavemedia.com/velocity/1.7/assets/images/press/press-6.png]
[themes.3rdwavemedia.com/velocity/1.7/assets/images/press/press-7.png]
[themes.3rdwavemedia.com/velocity/1.7/assets/images/press/press-8.png]
[themes.3rdwavemedia.com/velocity/1.7/assets/images/press/press-9.png]
[themes.3rdwavemedia.com/velocity/1.7/assets/images/press/press-10.png]
[themes.3rdwavemedia.com/velocity/1.7/assets/images/press/press-11.png]
[themes.3rdwavemedia.com/velocity/1.7/assets/images/press/press-12.png]
[themes.3rdwavemedia.com/velocity/1.7/assets/plugins/jquery-1.12.3.min.js]
[themes.3rdwavemedia.com/velocity/1.7/assets/plugins/back-to-top.js]
[themes.3rdwavemedia.com/velocity/1.7/assets/plugins/jquery-placeholder/jquery.placeholder.js]
[themes.3rdwavemedia.com/velocity/1.7/assets/plugins/FitVids/jquery.fitvids.js]
[themes.3rdwavemedia.com/velocity/1.7/assets/plugins/flexslider/jquery.flexslider-min.js]
[themes.3rdwavemedia.com/velocity/1.7/assets/js/main.js]
[themes.3rdwavemedia.com/velocity/1.7/assets/js/modal-video.js]
[themes.3rdwavemedia.com/velocity/1.7/index.html]
[themes.3rdwavemedia.com/velocity/1.7/assets/plugins/bootstrap/fonts/glyphicons-halflings-regular.eot]
[themes.3rdwavemedia.com/velocity/1.7/assets/plugins/bootstrap/fonts/glyphicons-halflings-regulard41d.eot]
[themes.3rdwavemedia.com/velocity/1.7/assets/plugins/bootstrap/css/bootstrap.min.css]
[themes.3rdwavemedia.com/velocity/1.7/assets/plugins/font-awesome/fonts/fontawesome-webfont3e6e.eot]
[themes.3rdwavemedia.com/velocity/1.7/assets/plugins/font-awesome/fonts/fontawesome-webfontd41d.eot]
[themes.3rdwavemedia.com/velocity/1.7/assets/plugins/font-awesome/css/font-awesome.css]
[themes.3rdwavemedia.com/velocity/1.7/assets/plugins/flexslider/fonts/flexslider-icon.eot]
[themes.3rdwavemedia.com/velocity/1.7/assets/plugins/flexslider/fonts/flexslider-icond41d.eot]
[themes.3rdwavemedia.com/velocity/1.7/assets/plugins/flexslider/flexslider.css]
[themes.3rdwavemedia.com/velocity/1.7/assets/images/background/bg-header-1.jpg]
[themes.3rdwavemedia.com/velocity/1.7/assets/images/background/bg-header-2.jpg]
[themes.3rdwavemedia.com/velocity/1.7/assets/images/background/bg-header-3.jpg]
[themes.3rdwavemedia.com/velocity/1.7/assets/images/background/bg-header-small-1.jpg]
[themes.3rdwavemedia.com/velocity/1.7/assets/images/background/bg-header-small-2.jpg]
[themes.3rdwavemedia.com/velocity/1.7/assets/images/background/bg-header-small-3.jpg]
[themes.3rdwavemedia.com/velocity/1.7/assets/images/background/bg-header-small-4.jpg]
[themes.3rdwavemedia.com/velocity/1.7/assets/images/background/bg-footer-1.jpg]
[themes.3rdwavemedia.com/velocity/1.7/assets/images/background/bg-footer-2.jpg]
[themes.3rdwavemedia.com/velocity/1.7/assets/images/background/bg-footer-3.jpg]
[themes.3rdwavemedia.com/velocity/1.7/assets/images/background/bg-mobile-headline.jpg]
[themes.3rdwavemedia.com/velocity/1.7/assets/images/mobile/iphone.png]
[themes.3rdwavemedia.com/velocity/1.7/assets/images/blog/post-1.jpg]
[themes.3rdwavemedia.com/velocity/1.7/assets/images/blog/post-2.jpg]
[themes.3rdwavemedia.com/velocity/1.7/assets/images/blog/post-3.jpg]
[themes.3rdwavemedia.com/velocity/1.7/assets/images/blog/post-4.jpg]
[themes.3rdwavemedia.com/velocity/1.7/assets/images/flexslider/carousel-arrow-prev.png]
[themes.3rdwavemedia.com/velocity/1.7/assets/images/flexslider/carousel-arrow-next.png]
[themes.3rdwavemedia.com/velocity/1.7/assets/images/background/bg-screen-1.jpg]
[themes.3rdwavemedia.com/velocity/1.7/assets/images/background/bg-screen-2.jpg]
[themes.3rdwavemedia.com/velocity/1.7/assets/css/styles.css]
[themes.3rdwavemedia.com/velocity/1.7/index-2.html]
[themes.3rdwavemedia.com/velocity/1.7/assets/images/features/screenshot-1.png]
[themes.3rdwavemedia.com/velocity/1.7/assets/images/features/screenshot-2.png]
[themes.3rdwavemedia.com/velocity/1.7/assets/images/features/screenshot-3.png]
[themes.3rdwavemedia.com/velocity/1.7/assets/images/features/screenshot-4.png]
[themes.3rdwavemedia.com/velocity/1.7/features.html]
[themes.3rdwavemedia.com/velocity/1.7/pricing.html]
[themes.3rdwavemedia.com/velocity/1.7/assets/images/mobile/QR-code.png]
[themes.3rdwavemedia.com/velocity/1.7/assets/images/mobile/screenshot.png]
[themes.3rdwavemedia.com/velocity/1.7/download.html]
[themes.3rdwavemedia.com/velocity/1.7/assets/images/blog/post-1-thumb.jpg]
[themes.3rdwavemedia.com/velocity/1.7/assets/images/blog/post-2-thumb.jpg]
[themes.3rdwavemedia.com/velocity/1.7/assets/images/blog/post-3-thumb.jpg]
[themes.3rdwavemedia.com/velocity/1.7/assets/images/blog/post-4-thumb.jpg]
[themes.3rdwavemedia.com/velocity/1.7/assets/images/blog/post-5-thumb.jpg]
[themes.3rdwavemedia.com/velocity/1.7/assets/images/blog/post-6-thumb.jpg]
[themes.3rdwavemedia.com/velocity/1.7/assets/images/blog/post-8-thumb.jpg]
[themes.3rdwavemedia.com/velocity/1.7/assets/images/blog/post-9-thumb.jpg]
[themes.3rdwavemedia.com/velocity/1.7/assets/plugins/imagesloaded/imagesloaded.pkgd.min.js]
[themes.3rdwavemedia.com/velocity/1.7/assets/plugins/masonry.pkgd.min.js]
[themes.3rdwavemedia.com/velocity/1.7/assets/js/blog.js]
[themes.3rdwavemedia.com/velocity/1.7/blog.html]
[themes.3rdwavemedia.com/velocity/1.7/assets/images/blog/post-content-image-1.jpg]
[themes.3rdwavemedia.com/velocity/1.7/assets/plugins/rrssb/js/rrssb.min.js]
[themes.3rdwavemedia.com/velocity/1.7/blog-single.html]
[themes.3rdwavemedia.com/velocity/1.7/assets/images/blog/post-6.jpg]
[themes.3rdwavemedia.com/velocity/1.7/assets/images/blog/post-9.jpg]
[themes.3rdwavemedia.com/velocity/1.7/assets/images/blog/post-7.jpg]
[themes.3rdwavemedia.com/velocity/1.7/blog-category.html]
[themes.3rdwavemedia.com/velocity/1.7/blog-archive.html]
[themes.3rdwavemedia.com/velocity/1.7/assets/images/team/member-1.png]
[themes.3rdwavemedia.com/velocity/1.7/assets/images/team/member-2.png]
[themes.3rdwavemedia.com/velocity/1.7/assets/images/team/member-4.png]
[themes.3rdwavemedia.com/velocity/1.7/assets/images/team/member-5.png]
[themes.3rdwavemedia.com/velocity/1.7/assets/images/team/member-6.png]
[themes.3rdwavemedia.com/velocity/1.7/about.html]
[themes.3rdwavemedia.com/velocity/1.7/assets/plugins/jquery.validate.min.js]
[themes.3rdwavemedia.com/velocity/1.7/assets/js/contact.js]
[themes.3rdwavemedia.com/velocity/1.7/contact.html]
[themes.3rdwavemedia.com/velocity/1.7/login.html]
[themes.3rdwavemedia.com/velocity/1.7/signup.html]
[themes.3rdwavemedia.com/velocity/1.7/assets/plugins/bootstrap/fonts/glyphicons-halflings-regular.html]
[themes.3rdwavemedia.com/velocity/1.7/assets/plugins/bootstrap/fonts/glyphicons-halflings-regular-2.html]
[themes.3rdwavemedia.com/velocity/1.7/assets/plugins/bootstrap/fonts/glyphicons-halflings-regular-3.html]
[themes.3rdwavemedia.com/velocity/1.7/assets/plugins/bootstrap/fonts/glyphicons-halflings-regular.svg]
[themes.3rdwavemedia.com/velocity/1.7/assets/plugins/font-awesome/fonts/fontawesome-webfont3e6e.html]
[themes.3rdwavemedia.com/velocity/1.7/assets/plugins/font-awesome/fonts/fontawesome-webfont3e6e-2.html]
[themes.3rdwavemedia.com/velocity/1.7/assets/plugins/font-awesome/fonts/fontawesome-webfont3e6e-3.html]
[themes.3rdwavemedia.com/velocity/1.7/assets/plugins/font-awesome/fonts/fontawesome-webfont3e6e.svg]
[themes.3rdwavemedia.com/velocity/1.7/assets/plugins/flexslider/fonts/flexslider-icon.html]
[themes.3rdwavemedia.com/velocity/1.7/assets/plugins/flexslider/fonts/flexslider-icon-2.html]
[themes.3rdwavemedia.com/velocity/1.7/assets/plugins/flexslider/fonts/flexslider-icon.svg]
[themes.3rdwavemedia.com/velocity/1.7/assets/plugins/rrssb/css/rrssb.css]
[themes.3rdwavemedia.com/velocity/1.7/reset-password.html]
[themes.3rdwavemedia.com/velocity/1.7/assets/plugins/bootstrap/js/bootstrap.min.js]
[themes.3rdwavemedia.com/velocity/1.7/assets/plugins/bootstrap-hover-dropdown.min.js]
[themes.3rdwavemedia.com/velocity/1.7/assets/images/blog/post-7-thumb.jpg]
[themes.3rdwavemedia.com/velocity/1.7/assets/images/blog/post-8.jpg]
[themes.3rdwavemedia.com/velocity/1.7/assets/images/team/member-3.png]
